\BOOKMARK [1][-]{section.1}{\376\377\000M\000a\000r\000k\000e\000t\000\040\000C\000o\000n\000t\000e\000x\000t}{}% 1
\BOOKMARK [1][-]{section.2}{\376\377\000C\000o\000m\000p\000e\000t\000i\000t\000i\000v\000e\000\040\000L\000a\000n\000d\000s\000c\000a\000p\000e}{}% 2
\BOOKMARK [1][-]{section.3}{\376\377\000M\000a\000r\000k\000e\000t\000\040\000P\000r\000i\000c\000i\000n\000g\000\040\000B\000e\000n\000c\000h\000m\000a\000r\000k\000s\000\040\000\050\000M\000e\000d\000i\000c\000a\000l\000,\000\040\0002\0000\0002\0006\000\051}{}% 3
\BOOKMARK [1][-]{section.4}{\376\377\000M\000e\000d\000V\000o\000i\000c\000e\000\040\000P\000r\000i\000c\000i\000n\000g\000\040\000S\000t\000r\000a\000t\000e\000g\000y}{}% 4
\BOOKMARK [2][-]{subsection.4.1}{\376\377\000C\000o\000s\000t\000\040\000F\000l\000o\000o\000r\000\040\000\050\000d\000o\000\040\000n\000o\000t\000\040\000p\000r\000i\000c\000e\000\040\000b\000e\000l\000o\000w\000\051}{section.4}% 5
\BOOKMARK [2][-]{subsection.4.2}{\376\377\000R\000e\000c\000o\000m\000m\000e\000n\000d\000e\000d\000\040\000T\000i\000e\000r\000\040\000S\000t\000r\000u\000c\000t\000u\000r\000e}{section.4}% 6
\BOOKMARK [2][-]{subsection.4.3}{\376\377\000S\000t\000r\000a\000t\000e\000g\000i\000c\000\040\000P\000r\000i\000c\000e\000\040\000E\000n\000t\000r\000y}{section.4}% 7
\BOOKMARK [1][-]{section.5}{\376\377\000W\000h\000y\000\040\000C\000l\000i\000n\000i\000c\000s\000\040\000B\000u\000y\000\040\000B\000e\000y\000o\000n\000d\000\040\000P\000r\000i\000c\000e}{}% 8
\BOOKMARK [2][-]{subsection.5.1}{\376\377\0001\000.\000\040\000M\000e\000d\000i\000c\000a\000l\000-\000S\000p\000e\000c\000i\000f\000i\000c\000\040\000S\000a\000f\000e\000t\000y\000\040\000\050\000n\000o\000n\000-\000n\000e\000g\000o\000t\000i\000a\000b\000l\000e\000\051}{section.5}% 9
\BOOKMARK [2][-]{subsection.5.2}{\376\377\0002\000.\000\040\000A\000p\000p\000o\000i\000n\000t\000m\000e\000n\000t\000\040\000I\000n\000t\000e\000l\000l\000i\000g\000e\000n\000c\000e}{section.5}% 10
\BOOKMARK [2][-]{subsection.5.3}{\376\377\0003\000.\000\040\000A\000f\000t\000e\000r\000-\000H\000o\000u\000r\000s\000\040\000R\000e\000v\000e\000n\000u\000e\000\040\000R\000e\000c\000o\000v\000e\000r\000y}{section.5}% 11
\BOOKMARK [2][-]{subsection.5.4}{\376\377\0004\000.\000\040\000Z\000e\000r\000o\000\040\000S\000t\000a\000f\000f\000\040\000T\000u\000r\000n\000o\000v\000e\000r\000\040\000T\000a\000x}{section.5}% 12
\BOOKMARK [2][-]{subsection.5.5}{\376\377\0005\000.\000\040\000M\000u\000l\000t\000i\000l\000i\000n\000g\000u\000a\000l\000\040\000W\000i\000t\000h\000o\000u\000t\000\040\000I\000n\000t\000e\000r\000p\000r\000e\000t\000e\000r\000\040\000L\000i\000n\000e}{section.5}% 13
\BOOKMARK [2][-]{subsection.5.6}{\376\377\0006\000.\000\040\000C\000l\000i\000n\000i\000c\000-\000O\000w\000n\000e\000d\000\040\000D\000a\000t\000a}{section.5}% 14
\BOOKMARK [2][-]{subsection.5.7}{\376\377\0007\000.\000\040\000T\000r\000a\000n\000s\000p\000a\000r\000e\000n\000t\000\040\000D\000a\000s\000h\000b\000o\000a\000r\000d}{section.5}% 15
\BOOKMARK [1][-]{section.6}{\376\377\000C\000o\000m\000p\000e\000t\000i\000t\000i\000v\000e\000\040\000P\000o\000s\000i\000t\000i\000o\000n\000i\000n\000g\000\040\000M\000a\000p}{}% 16
\BOOKMARK [1][-]{section.7}{\376\377\000S\000a\000l\000e\000s\000\040\000N\000a\000r\000r\000a\000t\000i\000v\000e\000\040\000\050\000E\000l\000e\000v\000a\000t\000o\000r\000\040\000t\000o\000\040\000C\000l\000o\000s\000e\000\051}{}% 17
\BOOKMARK [1][-]{section.8}{\376\377\000R\000i\000s\000k\000\040\000M\000i\000t\000i\000g\000a\000t\000i\000o\000n\000\040\000f\000o\000r\000\040\000B\000u\000y\000e\000r\000s}{}% 18
\BOOKMARK [1][-]{section.9}{\376\377\0001\0002\000-\000M\000o\000n\000t\000h\000\040\000R\000e\000v\000e\000n\000u\000e\000\040\000M\000o\000d\000e\000l}{}% 19
\BOOKMARK [1][-]{section.10}{\376\377\000K\000e\000y\000\040\000D\000i\000f\000f\000e\000r\000e\000n\000t\000i\000a\000t\000o\000r\000s\000\040\000t\000o\000\040\000E\000m\000p\000h\000a\000s\000i\000z\000e\000\040\000i\000n\000\040\000M\000a\000r\000k\000e\000t\000i\000n\000g}{}% 20
