\BOOKMARK [1][-]{section.1}{\376\377\000W\000h\000a\000t\000\040\000T\000h\000i\000s\000\040\000P\000r\000o\000d\000u\000c\000t\000\040\000I\000s}{}% 1
\BOOKMARK [2][-]{subsection.1.1}{\376\377\000O\000n\000e\000-\000S\000e\000n\000t\000e\000n\000c\000e\000\040\000P\000i\000t\000c\000h}{section.1}% 2
\BOOKMARK [2][-]{subsection.1.2}{\376\377\000T\000h\000e\000\040\000A\000n\000a\000l\000o\000g\000y}{section.1}% 3
\BOOKMARK [2][-]{subsection.1.3}{\376\377\000W\000h\000o\000\040\000B\000u\000y\000s\000\040\000I\000t}{section.1}% 4
\BOOKMARK [2][-]{subsection.1.4}{\376\377\000P\000r\000o\000b\000l\000e\000m\000s\000\040\000S\000o\000l\000v\000e\000d}{section.1}% 5
\BOOKMARK [1][-]{section.2}{\376\377\000H\000o\000w\000\040\000I\000t\000\040\000W\000o\000r\000k\000s\000\040\000T\000o\000d\000a\000y}{}% 6
\BOOKMARK [2][-]{subsection.2.1}{\376\377\000T\000h\000r\000e\000e\000\040\000A\000p\000p\000s\000\040\000i\000n\000\040\000t\000h\000e\000\040\000R\000e\000p\000o}{section.2}% 7
\BOOKMARK [2][-]{subsection.2.2}{\376\377\000W\000e\000b\000\040\000C\000h\000a\000t\000\040\000F\000l\000o\000w\000\040\000\050\000F\000u\000n\000c\000t\000i\000o\000n\000a\000l\000\051}{section.2}% 8
\BOOKMARK [2][-]{subsection.2.3}{\376\377\000W\000h\000a\000t\000\040\000I\000s\000\040\000N\000o\000t\000\040\000W\000o\000r\000k\000i\000n\000g}{section.2}% 9
\BOOKMARK [1][-]{section.3}{\376\377\000D\000a\000s\000h\000b\000o\000a\000r\000d\000s\000:\000\040\000T\000w\000o\000\040\000P\000r\000o\000d\000u\000c\000t\000s\000,\000\040\000N\000o\000t\000\040\000O\000n\000e}{}% 10
\BOOKMARK [2][-]{subsection.3.1}{\376\377\000C\000r\000i\000t\000i\000c\000a\000l\000\040\000D\000i\000s\000t\000i\000n\000c\000t\000i\000o\000n}{section.3}% 11
\BOOKMARK [2][-]{subsection.3.2}{\376\377\000C\000l\000i\000n\000i\000c\000\040\000D\000a\000s\000h\000b\000o\000a\000r\000d\000\040\040\024\000\040\000W\000h\000a\000t\000\040\000t\000o\000\040\000D\000i\000s\000p\000l\000a\000y}{section.3}% 12
\BOOKMARK [2][-]{subsection.3.3}{\376\377\000S\000u\000p\000e\000r\000-\000A\000d\000m\000i\000n\000\040\000D\000a\000s\000h\000b\000o\000a\000r\000d\000\040\040\024\000\040\000W\000h\000a\000t\000\040\000Y\000o\000u\000\040\000N\000e\000e\000d}{section.3}% 13
\BOOKMARK [1][-]{section.4}{\376\377\000D\000a\000t\000a\000b\000a\000s\000e\000:\000\040\000C\000u\000r\000r\000e\000n\000t\000\040\000v\000s\000.\000\040\000T\000a\000r\000g\000e\000t}{}% 14
\BOOKMARK [2][-]{subsection.4.1}{\376\377\000E\000x\000i\000s\000t\000i\000n\000g\000\040\000T\000a\000b\000l\000e\000s\000\040\000\050\000S\000Q\000L\000i\000t\000e\000\051}{section.4}% 15
\BOOKMARK [2][-]{subsection.4.2}{\376\377\000T\000a\000r\000g\000e\000t\000\040\000S\000c\000h\000e\000m\000a\000\040\000\050\000P\000r\000o\000d\000u\000c\000t\000i\000o\000n\000\040\000S\000a\000a\000S\000\051}{section.4}% 16
\BOOKMARK [2][-]{subsection.4.3}{\376\377\000D\000a\000t\000a\000b\000a\000s\000e\000\040\000R\000u\000l\000e\000s}{section.4}% 17
\BOOKMARK [1][-]{section.5}{\376\377\000W\000h\000a\000t\000\040\000Y\000o\000u\000\040\000A\000r\000e\000\040\000S\000e\000l\000l\000i\000n\000g}{}% 18
\BOOKMARK [1][-]{section.6}{\376\377\000P\000r\000e\000-\000C\000o\000d\000e\000\040\000C\000h\000e\000c\000k\000l\000i\000s\000t}{}% 19
\BOOKMARK [2][-]{subsection.6.1}{\376\377\000P\000h\000a\000s\000e\000\040\0000\000\040\040\024\000\040\000A\000l\000i\000g\000n\000\040\000\050\000N\000o\000w\000\051}{section.6}% 20
\BOOKMARK [2][-]{subsection.6.2}{\376\377\000P\000h\000a\000s\000e\000\040\0001\000\040\040\024\000\040\000P\000h\000o\000n\000e\000\040\000M\000V\000P\000\040\000\050\0002\000\040\000w\000e\000e\000k\000s\000\051}{section.6}% 21
\BOOKMARK [2][-]{subsection.6.3}{\376\377\000P\000h\000a\000s\000e\000\040\0002\000\040\040\024\000\040\000C\000l\000i\000n\000i\000c\000\040\000D\000a\000s\000h\000b\000o\000a\000r\000d\000\040\000v\0001}{section.6}% 22
\BOOKMARK [2][-]{subsection.6.4}{\376\377\000P\000h\000a\000s\000e\000\040\0003\000\040\040\024\000\040\000F\000i\000r\000s\000t\000\040\000P\000a\000y\000i\000n\000g\000\040\000C\000l\000i\000e\000n\000t\000\040\000\050\000w\000e\000e\000k\000s\000\040\0003\040\023\0006\000\051}{section.6}% 23
\BOOKMARK [2][-]{subsection.6.5}{\376\377\000P\000h\000a\000s\000e\000\040\0004\000\040\040\024\000\040\000M\000u\000l\000t\000i\000-\000T\000e\000n\000a\000n\000t\000\040\000S\000a\000a\000S\000\040\000\050\000m\000o\000n\000t\000h\000s\000\040\0002\040\023\0004\000\051}{section.6}% 24
\BOOKMARK [2][-]{subsection.6.6}{\376\377\000P\000h\000a\000s\000e\000\040\0005\000\040\040\024\000\040\000S\000c\000a\000l\000e\000\040\000\050\000m\000o\000n\000t\000h\000s\000\040\0004\040\023\0001\0008\000\051}{section.6}% 25
\BOOKMARK [1][-]{section.7}{\376\377\000D\000e\000c\000i\000s\000i\000o\000n\000s\000\040\000t\000o\000\040\000M\000a\000k\000e\000\040\000B\000e\000f\000o\000r\000e\000\040\000C\000o\000d\000i\000n\000g}{}% 26
\BOOKMARK [1][-]{section.8}{\376\377\0006\0000\000-\000S\000e\000c\000o\000n\000d\000\040\000P\000i\000t\000c\000h}{}% 27
\BOOKMARK [1][-]{section.9}{\376\377\000R\000e\000c\000o\000m\000m\000e\000n\000d\000e\000d\000\040\000B\000u\000i\000l\000d\000\040\000O\000r\000d\000e\000r}{}% 28
